// Jest Snapshot v1, https://goo.gl/fbAQLP

exports[`recipient table header renders 1`] = `
<thead
  className="MuiTableHead-root"
  role={null}
>
  <tr
    className="MuiTableRow-root MuiTableRow-head"
    role={null}
  >
    <th
      aria-sort={null}
      className="MuiTableCell-root MuiTableCell-head MuiTableCell-alignRight"
      scope="col"
    >
      Note
    </th>
    <th
      aria-sort={null}
      className="MuiTableCell-root MuiTableCell-head MuiTableCell-alignRight"
      scope="col"
    >
      Timestamp
    </th>
  </tr>
</thead>
`;
